// Jest Snapshot v1, https://goo.gl/fbAQLP

exports[`<ListWork /> Snapshot ListWork 1`] = `undefined`;
